PS C:\Users\Manasa\Desktop\c-activity-set1\set02> gdb ./problem07.exe
GNU gdb (GDB) 7.6.1
Copyright (C) 2013 Free Software Foundation, Inc.
License GPLv3+: GNU GPL version 3 or later <http://gnu.org/licenses/gpl.html>
This is free software: you are free to change and redistribute it.
There is NO WARRANTY, to the extent permitted by law.  Type "show copying"
and "show warranty" for details.
This GDB was configured as "mingw32".
For bug reporting instructions, please see:
<http://www.gnu.org/software/gdb/bugs/>...
Reading symbols from C:\Users\Manasa\Desktop\c-activity-set1\set02\problem07.exe...done.
(gdb) b main
Breakpoint 1 at 0x401524: file problem07.c, line 28.
(gdb) r
Starting program: C:\Users\Manasa\Desktop\c-activity-set1\set02/./problem07.exe 
[New Thread 20512.0x41f8]
[New Thread 20512.0xc10]

Breakpoint 1, main () at problem07.c:28
28          Triangle t = input_triangle();
(gdb) s
input_triangle () at problem07.c:10
10          printf("Enter the base of the triangle: ");
(gdb) s
Enter the base of the triangle: 11          scanf("%f", &t.base);
(gdb) s
2
12          printf("Enter the altitude of the triangle: ");
(gdb) s
Enter the altitude of the triangle: 13      scanf("%f", &t.altitude);
(gdb) s
3
14          return t;
(gdb) n
15      }
(gdb) n
main () at problem07.c:29
29          find_area(&t);
(gdb) n
30          output(t);
(gdb) n
The area of the triangle with base 2.00 and altitude 3.00 is: 3.00
31          return 0;
(gdb) n
32      }
(gdb) n
0x00401288 in __register_frame_info ()
(gdb) n
Single stepping until exit from function __register_frame_info,
which has no line number information.
0x0040128a in __register_frame_info ()
(gdb) n
Single stepping until exit from function __register_frame_info,
which has no line number information.
0x0040128f in __register_frame_info ()
(gdb) q
A debugging session is active.

        Inferior 1 [process 20512] will be killed.

Quit anyway? (y or n) y
error return ../../gdb-7.6.1/gdb/windows-nat.c:1275 was 5
PS C:\Users\Manasa\Desktop\c-activity-set1\set02> gdb ./problem07.exe
GNU gdb (GDB) 7.6.1
Copyright (C) 2013 Free Software Foundation, Inc.
License GPLv3+: GNU GPL version 3 or later <http://gnu.org/licenses/gpl.html>
This is free software: you are free to change and redistribute it.
There is NO WARRANTY, to the extent permitted by law.  Type "show copying"
and "show warranty" for details.
This GDB was configured as "mingw32".
For bug reporting instructions, please see:
<http://www.gnu.org/software/gdb/bugs/>...
Reading symbols from C:\Users\Manasa\Desktop\c-activity-set1\set02\problem07.exe...done.
(gdb) b main
Breakpoint 1 at 0x401524: file problem07.c, line 28.
(gdb) r     
Starting program: C:\Users\Manasa\Desktop\c-activity-set1\set02/./problem07.exe 
[New Thread 1844.0x4a1c]
[New Thread 1844.0x4ff4]

Breakpoint 1, main () at problem07.c:28
28          Triangle t = input_triangle();
(gdb) s
input_triangle () at problem07.c:10
10          printf("Enter the base of the triangle: ");
(gdb) s
Enter the base of the triangle: 11          scanf("%f", &t.base);
(gdb) s
2
12          printf("Enter the altitude of the triangle: ");
(gdb) s
Enter the altitude of the triangle: 13      scanf("%f", &t.altitude);
(gdb) s
3
14          return t;
(gdb) s
15      }
(gdb) s
main () at problem07.c:29
29          find_area(&t);
(gdb) s
find_area (t=0x61ff14) at problem07.c:19
19          t->area = 0.5 * t->base * t->altitude;
(gdb) s
20      }
(gdb) s
main () at problem07.c:30
30          output(t);
(gdb) s
output (t=...) at problem07.c:24
24          printf("The area of the triangle with base %.2f and altitude %.2f is: %.2f\n", t.base, t.altitude, t.area);
(gdb) n 
The area of the triangle with base 2.00 and altitude 3.00 is: 3.00
25      }
(gdb)