PS C:\Users\Manasa\Desktop\c-activity-set1> cd set01
PS C:\Users\Manasa\Desktop\c-activity-set1\set01> git add .
PS C:\Users\Manasa\Desktop\c-activity-set1\set01> gcc -g -O0 problem09.c -o problem09.exe
PS C:\Users\Manasa\Desktop\c-activity-set1\set01> gdb ./problem09.exe
GNU gdb (GDB) 7.6.1
Copyright (C) 2013 Free Software Foundation, Inc.
License GPLv3+: GNU GPL version 3 or later <http://gnu.org/licenses/gpl.html>
This is free software: you are free to change and redistribute it.
There is NO WARRANTY, to the extent permitted by law.  Type "show copying"
and "show warranty" for details.
This GDB was configured as "mingw32".
For bug reporting instructions, please see:
<http://www.gnu.org/software/gdb/bugs/>...
Reading symbols from C:\Users\Manasa\Desktop\c-activity-set1\set01\problem09.exe...done.
(gdb) b main
Breakpoint 1 at 0x401514: file problem09.c, line 29.
(gdb) r
Starting program: C:\Users\Manasa\Desktop\c-activity-set1\set01/./problem09.exe 
[New Thread 15792.0x308]
[New Thread 15792.0x158]

Breakpoint 1, main () at problem09.c:29
29          n=input();
(gdb) s
input () at problem09.c:7
7           printf("enter the value\n");
(gdb) s
enter the value
8           scanf("%f",n);
(gdb) s
9

Program received signal SIGSEGV, Segmentation fault.
0x77347342 in msvcrt!$I10_OUTPUT () from C:\WINDOWS\SysWOW64\msvcrt.dll
(gdb) q
A debugging session is active.

        Inferior 1 [process 15792] will be killed.

Quit anyway? (y or n) y
error return ../../gdb-7.6.1/gdb/windows-nat.c:1275 was 5
PS C:\Users\Manasa\Desktop\c-activity-set1\set01> gdb ./problem09.exe
GNU gdb (GDB) 7.6.1
Copyright (C) 2013 Free Software Foundation, Inc.
License GPLv3+: GNU GPL version 3 or later <http://gnu.org/licenses/gpl.html>
This is free software: you are free to change and redistribute it.
There is NO WARRANTY, to the extent permitted by law.  Type "show copying"
and "show warranty" for details.
This GDB was configured as "mingw32".
For bug reporting instructions, please see:
<http://www.gnu.org/software/gdb/bugs/>...
Reading symbols from C:\Users\Manasa\Desktop\c-activity-set1\set01\problem09.exe...done.
(gdb) q     
PS C:\Users\Manasa\Desktop\c-activity-set1\set01> gcc -g -O0 problem09.c -o problem09.exe
PS C:\Users\Manasa\Desktop\c-activity-set1\set01> gdb ./problem09.exe
GNU gdb (GDB) 7.6.1
Copyright (C) 2013 Free Software Foundation, Inc.
License GPLv3+: GNU GPL version 3 or later <http://gnu.org/licenses/gpl.html>
This is free software: you are free to change and redistribute it.
There is NO WARRANTY, to the extent permitted by law.  Type "show copying"
and "show warranty" for details.
This GDB was configured as "mingw32".
For bug reporting instructions, please see:
<http://www.gnu.org/software/gdb/bugs/>...
Reading symbols from C:\Users\Manasa\Desktop\c-activity-set1\set01\problem09.exe...done.
(gdb) b main
Breakpoint 1 at 0x40151a: file problem09.c, line 29.
(gdb) r
Starting program: C:\Users\Manasa\Desktop\c-activity-set1\set01/./problem09.exe
[New Thread 15420.0x25a8]
[New Thread 15420.0x3270]

Breakpoint 1, main () at problem09.c:29
29          n=input();
(gdb) s
input () at problem09.c:7
7           printf("enter the value\n");
(gdb) n
enter the value
8           scanf("%f",&n);
(gdb) n
9
9           return n;
(gdb) n
10      }
(gdb) n
main () at problem09.c:30
30          sqrroot=square_root(n);
(gdb) n
31          output(n,sqrroot);
(gdb) n
the squareroot of 1091567616.000000 is 33038.87890632       return 0;
(gdb) c
Continuing.
[Inferior 1 (process 15420) exited normally]
(gdb) q
PS C:\Users\Manasa\Desktop\c-activity-set1\set01> gdb ./problem09.exe
GNU gdb (GDB) 7.6.1
Copyright (C) 2013 Free Software Foundation, Inc.
License GPLv3+: GNU GPL version 3 or later <http://gnu.org/licenses/gpl.html>
This is free software: you are free to change and redistribute it.
There is NO WARRANTY, to the extent permitted by law.  Type "show copying"
and "show warranty" for details.
This GDB was configured as "mingw32".
For bug reporting instructions, please see:
<http://www.gnu.org/software/gdb/bugs/>...
Reading symbols from C:\Users\Manasa\Desktop\c-activity-set1\set01\problem09.exe...done.
(gdb) b main
Breakpoint 1 at 0x40151a: file problem09.c, line 29.
(gdb) r
Starting program: C:\Users\Manasa\Desktop\c-activity-set1\set01/./problem09.exe
[New Thread 14696.0x2514]
[New Thread 14696.0x537c]

Breakpoint 1, main () at problem09.c:29
29          n=input();
(gdb) s
input () at problem09.c:7
7           printf("enter the value\n");
(gdb) n
enter the value
8           scanf("%f",&n);
(gdb) n
9
9           return n;
(gdb) n
10      }
(gdb) p n
$1 = 1091567616
(gdb) q
A debugging session is active.

        Inferior 1 [process 14696] will be killed.

Quit anyway? (y or n) y
error return ../../gdb-7.6.1/gdb/windows-nat.c:1275 was 5
PS C:\Users\Manasa\Desktop\c-activity-set1\set01> gcc -g -O0 problem09.c -o problem09.exe
PS C:\Users\Manasa\Desktop\c-activity-set1\set01> gdb ./problem09.exe
GNU gdb (GDB) 7.6.1
Copyright (C) 2013 Free Software Foundation, Inc.
License GPLv3+: GNU GPL version 3 or later <http://gnu.org/licenses/gpl.html>
This is free software: you are free to change and redistribute it.
There is NO WARRANTY, to the extent permitted by law.  Type "show copying"
and "show warranty" for details.
This GDB was configured as "mingw32".
For bug reporting instructions, please see:
<http://www.gnu.org/software/gdb/bugs/>...
Reading symbols from C:\Users\Manasa\Desktop\c-activity-set1\set01\problem09.exe...done.
(gdb) b main
Breakpoint 1 at 0x401514: file problem09.c, line 29.
(gdb) r
Starting program: C:\Users\Manasa\Desktop\c-activity-set1\set01/./problem09.exe 
[New Thread 20048.0x4a38]
[New Thread 20048.0x50a4]

Breakpoint 1, main () at problem09.c:29
29          n=input();
(gdb) s
input () at problem09.c:7
7           printf("enter the value\n");
(gdb) n
enter the value
8           scanf("%f",&n);
(gdb) n
9
9           return n;
(gdb) n
10      }
(gdb) p n
$1 = 9
(gdb) n
main () at problem09.c:30
30          sqrroot=square_root(n);
(gdb) n
31          output(n,sqrroot);
(gdb) n
the squareroot of 9.000000 is 3.00000032            return 0;
(gdb) n
33      }(gdb) c
Continuing.
[Inferior 1 (process 20048) exited normally]
(gdb)