PS C:\Users\Manasa\Desktop\c-activity-set1> git add .
PS C:\Users\Manasa\Desktop\c-activity-set1> cd set01
PS C:\Users\Manasa\Desktop\c-activity-set1\set01> gcc -g -O0 problem07.c -o problem07.exe
PS C:\Users\Manasa\Desktop\c-activity-set1\set01> gdb .\problem07.exe
GNU gdb (GDB) 7.6.1
Copyright (C) 2013 Free Software Foundation, Inc.
License GPLv3+: GNU GPL version 3 or later <http://gnu.org/licenses/gpl.html>
This is free software: you are free to change and redistribute it.
There is NO WARRANTY, to the extent permitted by law.  Type "show copying"
and "show warranty" for details.
This GDB was configured as "mingw32".
For bug reporting instructions, please see:
<http://www.gnu.org/software/gdb/bugs/>...
Reading symbols from C:\Users\Manasa\Desktop\c-activity-set1\set01\problem07.exe...done.
(gdb) b main
Breakpoint 1 at 0x4014e1: file problem07.c, line 27.
(gdb) r
Starting program: C:\Users\Manasa\Desktop\c-activity-set1\set01/.\problem07.exe 
[New Thread 15768.0x4b88]
[New Thread 15768.0x2908]

Breakpoint 1, main () at problem07.c:27
27          n=input_n();
(gdb) s
input_n () at problem07.c:7
7           printf("enter the value\n");
(gdb) n
enter the value
8           scanf("%d",&n);
(gdb) n
4
9           return n;
(gdb) n
10      }
(gdb) n
main () at problem07.c:28
28          sum=sum_n_nos(n);
(gdb) n
29          output(n,sum);
(gdb) p sum
$1 = 10
(gdb) n
the sum is 1030     return 0;
(gdb) n
31      }(gdb) n
0x00401288 in __register_frame_info ()
(gdb) n
Single stepping until exit from function __register_frame_info,
which has no line number information.
0x0040128a in __register_frame_info ()
(gdb) r
The program being debugged has been started already.
Start it from the beginning? (y or n) y
error return ../../gdb-7.6.1/gdb/windows-nat.c:1275 was 5
Starting program: C:\Users\Manasa\Desktop\c-activity-set1\set01/.\problem07.exe 
[New Thread 15672.0x3204]
[New Thread 15672.0x48e0]

Breakpoint 1, main () at problem07.c:27
27          n=input_n();
(gdb) s
input_n () at problem07.c:7
7           printf("enter the value\n");
(gdb) s
enter the value
8           scanf("%d",&n);
(gdb) s
3
9           return n;
(gdb) n
10      }
(gdb) n
main () at problem07.c:28
28          sum=sum_n_nos(n);
(gdb) n
29          output(n,sum);
(gdb) p sum
$2 = 6
(gdb) n
the sum is 630      return 0;
(gdb) n
31      }(gdb) n
0x00401288 in __register_frame_info ()
(gdb) c
Continuing.
[Inferior 1 (process 15672) exited normally]
(gdb) c
The program is not being run.
(gdb) r
Starting program: C:\Users\Manasa\Desktop\c-activity-set1\set01/.\problem07.exe 
[New Thread 4940.0x4250]
[New Thread 4940.0x36ec]

Breakpoint 1, main () at problem07.c:27
27          n=input_n();
(gdb) n
enter the value
4
28          sum=sum_n_nos(n);
(gdb) n
29          output(n,sum);
(gdb) p sum
$3 = 10