PS C:\Users\Manasa\Desktop\c-activity-set1> git add .
PS C:\Users\Manasa\Desktop\c-activity-set1> cd set01
PS C:\Users\Manasa\Desktop\c-activity-set1\set01> gcc -g -O0 problem10.c -o problem10.exe
>> 
c:/mingw/bin/../lib/gcc/mingw32/6.3.0/../../../../mingw32/bin/ld.exe: cannot open output file problem10.exe: Permission denied
collect2.exe: error: ld returned 1 exit status
PS C:\Users\Manasa\Desktop\c-activity-set1\set01>  gdb .\problem10.exe
>> 
GNU gdb (GDB) 7.6.1
Copyright (C) 2013 Free Software Foundation, Inc.
License GPLv3+: GNU GPL version 3 or later <http://gnu.org/licenses/gpl.html>
This is free software: you are free to change and redistribute it.
There is NO WARRANTY, to the extent permitted by law.  Type "show copying"
and "show warranty" for details.
This GDB was configured as "mingw32".
For bug reporting instructions, please see:
<http://www.gnu.org/software/gdb/bugs/>...
Reading symbols from C:\Users\Manasa\Desktop\c-activity-set1\set01\problem10.exe...done.
(gdb) b main
Breakpoint 1 at 0x4015a2: file problem10.c, line 52.
(gdb) r
Starting program: C:\Users\Manasa\Desktop\c-activity-set1\set01/.\problem10.exe 
[New Thread 20452.0x517c]
[New Thread 20452.0x1cac]

Breakpoint 1, main () at problem10.c:52
warning: Source file is more recent than executable.
(gdb) q
A debugging session is active.

        Inferior 1 [process 20452] will be killed.

Quit anyway? (y or n) y
error return ../../gdb-7.6.1/gdb/windows-nat.c:1275 was 5
PS C:\Users\Manasa\Desktop\c-activity-set1\set01>  gdb .\problem10.exe
>>
GNU gdb (GDB) 7.6.1
Copyright (C) 2013 Free Software Foundation, Inc.
License GPLv3+: GNU GPL version 3 or later <http://gnu.org/licenses/gpl.html>
This is free software: you are free to change and redistribute it.
There is NO WARRANTY, to the extent permitted by law.  Type "show copying"
and "show warranty" for details.
This GDB was configured as "mingw32".
For bug reporting instructions, please see:
<http://www.gnu.org/software/gdb/bugs/>...
Reading symbols from C:\Users\Manasa\Desktop\c-activity-set1\set01\problem10.exe...done.
(gdb) b main
Breakpoint 1 at 0x4015a2: file problem10.c, line 52.
(gdb) r
Starting program: C:\Users\Manasa\Desktop\c-activity-set1\set01/.\problem10.exe
[New Thread 5104.0x5a0]
[New Thread 5104.0x4300]

Breakpoint 1, main () at problem10.c:52
warning: Source file is more recent than executable.
52          input_two_strings(string1,string2);
(gdb) s
input_two_strings (string1=0x61feb8 "\034"6wü_a", string2=0x61fe54 "V"÷_"_a") at problem10.c:7
7           printf("enter the first string\n");
(gdb) s
enter the first string
8           scanf("%s",string1);
(gdb) s
hello
9           printf("enter the second string\n");
(gdb) s
enter the second string
10          scanf("%s",string2);
(gdb) s
Hello
11      
(gdb) n
main () at problem10.c:53
53          result=stringcompare(string1,string2);
(gdb) n
54          output(string1,string2,result);
(gdb) n
hello is greater than Hello55  